This is SILE 0.9.3-unreleased
<tests/bug-80.sil>Open file	tests/bug-80.pdf
Set paper size 	595.275597	841.8897729
Begin page
Mx 	49.76378
My 	49.66285
Set font 	Gentium;10;200;normal;normal;
T	48 82 73 77 85 77 12	(Primum,)
Mx 	87.93431
T	73 78 81 85 65 77 12	(inquam,)
Mx 	124.14195
T	68 69 80 82 69 67 79 82 12	(deprecor,)
Mx 	166.10643
T	78 69	(ne)
Mx 	178.86192
T	77 69	(me)
Mx 	194.13206
T	84 65 77 81 85 65 77	(tamquam)
Mx 	235.88658
T	80 72 73 76 79 83 79 80 72 85 77	(philosophum)
Mx 	292.80711
T	80 85 84 69 84 73 83	(putetis)
Mx 	324.09776
T	83 67 72 79 76 65 77	(scholam)
Mx 	360.82786
T	86 79 66 73 83	(vobis)
Mx 	385.05796
T	65 76 73 81 85 65 77	(aliquam)
Mx 	420.75779
T	69 88 80 76 73 67 65 84 85 82 85 77 12	(explicaturum,)
Mx 	481.02305
T	81 85 79 68	(quod)
Mx 	504.32053
T	78 69	(ne)
Mx 	517.07603
T	73 78	(in)
Mx 	527.92234
T	73 80 83 73 83	(ipsis)
Mx 	548.98350
T	81 85 73	(qui)
Mx 	562.14268
T	13	(-)
Mx 	29.76378
My 	63.66285
T	68 69 77	(dem)
Mx 	50.29567
T	80 72 73 76 79 83 79 80 72 73 83	(philosophis)
Mx 	100.51993
T	77 65 71 78 79 80 69 82 69	(magnopere)
Mx 	149.74323
T	85 77 81 85 65 77	(umquam)
Mx 	188.82492
T	80 82 79 66 65 86 73 14	(probavi.)
Mx 	60.45477
My 	78.66285
T	190	(â€“)
Mx 	67.80592
T	49 85 65 78 68 79	(Quando)
Mx 	102.10043
T	69 78 73 77	(enim)
Mx 	125.63810
T	51 79 67 82 65 84 69 83 12	(Socrates,)
Mx 	165.22070
T	81 85 73	(qui)
Mx 	181.03864
T	80 65 82 69 78 83	(parens)
Mx 	211.54409
T	80 72 73 76 79 83 79 80 72 73 65 69	(philosophiae)
Mx 	267.09348
T	73 85 82 69	(iure)
Mx 	286.33916
T	68 73 67 73	(dici)
Mx 	303.98816
T	80 79 84 69 83 84 12	(potest,)
Mx 	334.63032
T	81 85 73 67 81 85 65 77	(quicquam)
Mx 	377.88968
T	84 65 76 69	(tale)
Mx 	395.90977
T	70 69 67 73 84 31	(fecit?)
[1] Mx 	282.64742
My 	780.61769
T	17	(1)
End page
Finish

