This is SILE 0.9.3-unreleased
<tests/bug-79.sil>Open file	tests/bug-79.pdf
Set paper size 	419.5275636	595.275597
Begin page
Mx 	76.69291
My 	63.67291
Set font 	Linux Libertine O;10;200;normal;normal;
T	91 66 79 66	(zana)
Mx 	100.10666
T	35 80 86 83 80 87 161 13	(Bourová,)
Mx 	141.45041
T	91 161 81 80 77 74 77 66	(zápolila)
Mx 	177.66416
T	87 70	(ve)
Mx 	191.71791
T	205 85 90 281 70 68 73	(čtyřech)
Mx 	56.69291
My 	77.67291
T	91 161 87 80 69 70 68 73 13	(závodech,)
Mx 	104.00266
T	79 70 75 77 169 81 70	(nejlépe)
Mx 	140.48241
T	84 70	(se)
Mx 	155.95216
T	86 78 173 84 85 74 77 66	(umístila)
Mx 	195.95191
T	79 66	(na)
Mx 	213.04166
T	35 70	(Be)
Mx 	223.39166
T	14	(-)
Mx 	56.69291
My 	91.67291
T	79 70 68 76 86	(necku)
Mx 	84.26604
T	79 66	(na)
Mx 	97.22916
T	21 15	(4.)
Mx 	107.05228
T	78 173 84 85 219 15	(místě.)
Mx 	134.36541
T	46 66 72 69 66 77 169 79 66	(Magdaléna)
Mx 	182.02853
T	36 73 83 161 84 85 80 87 161	(Chrástová)
Mx 	56.69291
My 	105.67291
T	84 76 80 79 205 74 77 66	(skončila)
Mx 	94.07466
T	79 66	(na)
Mx 	107.76641
T	78 173 84 85 219	(místě)
Mx 	133.60816
T	84 70 69 78 79 161 68 85 169 78 13	(sedmnáctém,)
Mx 	190.63991
T	35 66 83 67 80 83 66	(Barbora)
Mx 	56.69291
My 	119.67291
T	288 86 77 68 80 87 161	(Šulcová)
Mx 	91.36328
T	67 90 77 66	(byla)
Mx 	111.66365
T	73 79 70 69	(hned)
Mx 	135.00402
T	91 66	(za)
[1] Mx 	198.53944
My 	553.73265
Set font 	Gentium;10;200;normal;normal;
T	17	(1)
End page
Finish

