This is SILE 0.9.3-unreleased
<tests/bug-54.sil>Open file	tests/bug-54.pdf
Set paper size 	595.275597	841.8897729
Begin page
Mx 	77.75433
My 	105.22757
Set font 	Gentium;10;200;normal;normal;
T	38 73 82 83 84	(First)
Mx 	99.19553
T	76 73 78 69	(line)
Mx 	77.75433
My 	120.22757
T	38 73 82 83 84	(First)
Mx 	99.18722
T	87 79 82 68 12	(word,)
Mx 	125.40527
T	70 73 82 83 84	(first)
Mx 	145.16825
T	80 65 82 65 71 82 65 80 72 14	(paragraph.)
Mx 	77.75433
My 	135.22757
T	38 73 82 83 84	(First)
Mx 	99.18596
T	87 79 82 68 12	(word,)
Mx 	125.40274
T	83 69 67 79 78 68	(second)
Mx 	156.67812
T	80 65 82 65 71 82 65 80 72 14	(paragraph.)
[1] Mx 	267.42538
My 	732.62998
T	17	(1)
End page
Finish

