This is SILE 0.9.3-unreleased
<tests/centering.sil>Open file	tests/centering.pdf
Set paper size 	595.275597	841.8897729
Begin page
Mx 	34.93760
My 	49.66285
Set font 	Gentium;10;200;normal;normal;
T	44 79 82 69 77	(Lorem)
Mx 	63.54112
T	73 80 83 85 77	(ipsum)
Mx 	90.94346
T	68 79 76 79 82	(dolor)
Mx 	115.07432
T	83 73 84	(sit)
Mx 	127.29112
T	65 77 69 84 12	(amet,)
Mx 	152.46690
T	67 79 78 83 69 67 84 69 84 85 82	(consectetur)
Mx 	203.19932
T	65 68 73 80 73 83 73 67 73 78 71	(adipisicing)
Mx 	249.95713
T	69 76 73 84 12	(elit,)
Mx 	267.93077
T	83 69 68	(sed)
Mx 	283.81456
T	68 79	(do)
Mx 	296.24620
T	69 73 85 83 77 79 68	(eiusmod)
Mx 	333.19932
T	84 69 77 80 79 82	(tempor)
Mx 	365.78233
T	73 78 67 73 68 73 68 85 78 84	(incididunt)
Mx 	410.66026
T	85 84	(ut)
Mx 	421.60264
T	76 65 66 79 82 69	(labore)
Mx 	449.79112
T	69 84	(et)
Mx 	460.05479
T	68 79 76 79 82 69	(dolore)
Mx 	488.80479
T	77 65 71 78 65	(magna)
Mx 	518.61436
T	65 76 73 81 85 65 14	(aliqua.)
Mx 	548.15538
T	53 84	(Ut)
Mx 	33.42149
My 	63.66285
T	69 78 73 77	(enim)
Mx 	56.50254
T	65 68	(ad)
Mx 	68.49473
T	77 73 78 73 77	(minim)
Mx 	97.69883
T	86 69 78 73 65 77 12	(veniam,)
Mx 	132.59141
T	81 85 73 83	(quis)
Mx 	151.81504
T	78 79 83 84 82 85 68	(nostrud)
Mx 	186.32676
T	69 88 69 82 67 73 84 65 84 73 79 78	(exercitation)
Mx 	238.56797
T	85 76 76 65 77 67 79	(ullamco)
Mx 	273.50938
T	76 65 66 79 82 73 83	(laboris)
Mx 	303.65098
T	78 73 83 73	(nisi)
Mx 	320.65294
T	85 84	(ut)
Mx 	331.59532
T	65 76 73 81 85 73 80	(aliquip)
Mx 	362.26426
T	69 88	(ex)
Mx 	374.11485
T	69 65	(ea)
Mx 	385.52598
T	67 79 77 77 79 68 79	(commodo)
Mx 	428.45079
T	67 79 78 83 69 81 85 65 84 14	(consequat.)
Mx 	474.82286
T	36 85 73 83	(Duis)
Mx 	494.82286
T	65 85 84 69	(aute)
Mx 	514.97422
T	73 82 85 82 69	(irure)
Mx 	537.72325
T	68 79 76 79 82	(dolor)
Mx 	38.76817
My 	77.66285
T	73 78	(in)
Mx 	49.19786
T	82 69 80 82 69 72 69 78 68 69 82 73 84	(reprehenderit)
Mx 	109.44200
T	73 78	(in)
Mx 	119.87169
T	86 79 76 85 80 84 65 84 69	(voluptate)
Mx 	161.43419
T	86 69 76 73 84	(velit)
Mx 	182.0.9.3-unreleased
T	69 83 83 69	(esse)
Mx 	201.21446
T	67 73 76 76 85 77	(cillum)
Mx 	229.24669
T	68 79 76 79 82 69	(dolore)
Mx 	257.99669
T	69 85	(eu)
Mx 	270.11583
T	70 85 71 73 65 84	(fugiat)
Mx 	296.34629
T	78 85 76 76 65	(nulla)
Mx 	319.37364
T	80 65 82 73 65 84 85 82 14	(pariatur.)
Mx 	357.71348
T	37 88 67 69 80 84 69 85 82	(Excepteur)
Mx 	401.51231
T	83 73 78 84	(sint)
Mx 	419.24669
T	79 67 67 65 69 67 65 84	(occaecat)
Mx 	456.82969
T	67 85 80 73 68 65 84 65 84	(cupidatat)
Mx 	497.97227
T	78 79 78	(non)
Mx 	516.23887
T	80 82 79 73 68 69 78 84 12	(proident,)
Mx 	173.51426
My 	91.66285
T	83 85 78 84	(sunt)
Mx 	193.83653
T	73 78	(in)
Mx 	204.26622
T	67 85 76 80 65	(culpa)
Mx 	228.73399
T	81 85 73	(qui)
Mx 	244.09532
T	79 70 70 73 67 73 65	(officia)
Mx 	271.92735
T	68 69 83 69 82 85 78 84	(deserunt)
Mx 	310.64805
T	77 79 76 76 73 84	(mollit)
Mx 	337.48399
T	65 78 73 77	(anim)
Mx 	360.53575
T	73 68	(id)
Mx 	370.64805
T	69 83 84	(est)
Mx 	384.77403
T	76 65 66 79 82 85 77 14	(laborum.)
[1] Mx 	282.64742
My 	780.61769
T	17	(1)
End page
Finish

