This is SILE 0.9.3-unreleased
<tests/combining.sil>Open file	tests/combining.pdf
Set paper size 	595.275597	841.8897729
Begin page
Mx 	49.76378
My 	49.90699
Set font 	Gentium;10;200;normal;normal;
T		(((̵̵́)
Mx 	58.79804
T		(̆͒͟˚̩̭)
Mx 	68.39871
T		(̆͒)̵̵̀))
Mx 	49.76378
My 	64.90699
T		((͡°)
Mx 	59.20837
T	0 597	(͜ʖ)
Mx 	68.64808
T	749 109 9	(͡°))
[1] Mx 	282.64742
My 	780.61769
T	17	(1)
End page
Finish

