This is SILE 0.9.3-unreleased
<tests/rskip.sil>Open file	tests/rskip.pdf
Set paper size 	419.5275636	595.275597
Begin page
Mx 	54.82079
My 	76.62033
Set font 	Gentium;10;200;normal;normal;
T	76 79 82 69 77	(lorem)
Mx 	82.37371
T	73 80 83 85 77	(ipsum)
Mx 	110.77624
T	68 79 76 79 82	(dolor)
Mx 	135.90729
T	83 73 84	(sit)
Mx 	149.12427
T	65 77 69 84	(amet)
Mx 	173.01020
T	67 79 78 83 69 84 69 84 85 82	(consetetur)
Mx 	220.37269
T	83 65 68 73 80 83 67 73 78 71	(sadipscing)
Mx 	266.57307
T	69 76 73 84 82	(elitr)
Mx 	287.21681
T	83 69 68	(sed)
Mx 	34.82079
My 	90.62033
T	68 73 65 77	(diam)
Mx 	57.57496
T	78 79 78 85 77 89	(nonumy)
Mx 	94.12308
T	69 73 82 77 79 68	(eirmod)
Mx 	125.89580
T	84 69 77 80 79 82	(tempor)
Mx 	158.49861
T	73 78 86 73 68 85 78 84	(invidunt)
Mx 	196.04770
T	85 84	(ut)
Mx 	207.00988
T	76 65 66 79 82 69	(labore)
Mx 	235.21816
T	69 84	(et)
Mx 	245.50163
T	68 79 76 79 82 69	(dolore)
Mx 	274.27142
T	77 65 71 78 65	(magna)
Mx 	34.82079
My 	104.62033
T	65 76 73 81 85 89 65 77	(aliquyam)
Mx 	75.52576
T	69 82 65 84	(erat)
Mx 	94.82937
T	83 69 68	(sed)
Mx 	111.20329
T	68 73 65 77	(diam)
Mx 	134.42779
T	86 79 76 85 80 84 85 65	(voluptua)
Mx 	173.71675
T	65 84	(at)
Mx 	184.44126
T	86 69 82 79	(vero)
Mx 	205.67358
T	69 79 83	(eos)
Mx 	221.87660
T	69 84	(et)
Mx 	232.63040
T	65 67 67 85 83 65 77	(accusam)
Mx 	270.43498
T	69 84	(et)
Mx 	281.18879
T	74 85 83 84 79	(justo)
Mx 	34.82079
My 	118.62033
T	68 85 79	(duo)
Mx 	52.38327
T	68 79 76 79 82 69 83	(dolores)
Mx 	84.82856
T	69 84	(et)
Mx 	94.92521
T	69 65	(ea)
Mx 	106.16933
T	82 69 66 85 77	(rebum)
Mx 	135.19177
T	83 84 69 84	(stet)
Mx 	152.59311
T	67 76 73 84 65	(clita)
Mx 	172.45051
T	75 65 83 68	(kasd)
Mx 	193.13799
T	71 85 66 69 82 71 82 69 78	(gubergren)
Mx 	237.98074
T	78 79	(no)
Mx 	250.56275
T	83 69 65	(sea)
Mx 	265.66917
T	84 65 75 73 77 65 84 65	(takimata)
Mx 	34.82079
My 	132.62033
T	83 65 78 67 84 85 83	(sanctus)
Mx 	68.41767
T	69 83 84	(est)
Mx 	82.99601
T	76 79 82 69 77	(lorem)
Mx 	110.00110
T	73 80 83 85 77	(ipsum)
Mx 	137.85579
T	68 79 76 79 82	(dolor)
Mx 	162.43901
T	83 73 84	(sit)
Mx 	175.10816
T	65 77 69 84	(amet)
[1] Mx 	160.81489
My 	519.80194
T	17	(1)
End page
Finish

